type octile
height 42
width 33
map
@@@@@T...............T@@@@@@@@@@@
@@@@T................T@@@@@@@@@@@
@@@T.................TTT@@@@@@@@@
@@@TTTTTTTT.............TT@@@@@@@
@@TTTTTTT................T@@@@@@@
@T........................T@@@@@@
@T..........................T@@@@
@T........................TTT@@@@
@@TTT........................TTT@
@@@T.........................TTT@
@@T..........................TTT@
@T..........TTTTTTTTT........TT@@
T..........T@@@@@@@@@TT.......TT@
T.........T@@@@@@@@@@@@T......TT@
T........T@@@@@@@@@@@@@T........T
T........T@@@@@@@@@@@@@@T.......T
T........T@@@@@@@@@@@@@@T.......T
..........T@@@@@@@@@@@@@T.......T
...........T@@@@@@@@@@@@T.......T
...........T@@@@@@@@@@@@T.......T
..........T@@@@@@@@@@@@@T.......T
..........T@@@@@@@@@@@@@T.......T
T.........T@@@@@@@@@@@@T.......TT
T.........T@@@@@@@@@@@T.......TTT
T.........TT@@@@@@@@TT........TT@
@T.........TTTTTTTTT...........T@
@T............................T@@
@@T.........................TT@@@
@@T.......................TTTT@@@
@T........................TTT@@@@
@T........................TT@@@@@
@T..............TTTTT...TTTT@@@@@
T.......TTT.....TTTTT...TTTTT@@@@
@T.......TT......T...........T@@@
@T..........................T@@@@
@@TTTT.................TTTTT@@@@@
@@@@@@TT...TTT........T@@@@@@@@@@
@@@@@@@@@TT@TT.......TT@@@@@@@@@@
@@@@@@@@@@@@@T........T@@@@@@@@@@
@@@@@@@@@@@@@T........T@@@@@@@@@@
@@@@@@@@@@@@@T.......TT@@@@@@@@@@
@@@@@@@@@@@@@T.........T@@@@@@@@@
