type octile
height 41
width 73
map
@@@@@@@@@@@@@@@@TTTTTTTTTTTTTTTTTTTTTTTTTTTTTTTTTTTTTTTTTTTTTTTTTTTTTTTTT
@@@@@@@@@@@@@@@@TTTTTTTTTTTTTTTTTTTTTTTTTTTTTTTTTTTTTTTTTTTTTTTTTTTTTTTTT
@@@@@@@@@@@@@@@@TTTT...TT.............TTT.TTTTTTTTTTTTTTTT.....TTTTTTTTTT
@@@@@@@@@@@@@@@@TTTT...TT.............TTT..TTTTTTTTTTTT........TTTTTTTTTT
@@@@@@@@@@@@@@@@TTTT...TTT............TTT...TTTTTTTTTTT........TTTTTTTTTT
@@@@@@@@@@@@@@@@TTT....TTT..................TTTTTTTTTTT................TT
@@@@@@@@@@@@@@@@TTT....TTT...TTTTTTT..........TTTTTTTTT...............TTT
@@@@@@@@@@@@@@@@TTT....TTT...TTTTTTT...........TTTTTTTT...............TTT
@@@@@@@@@@@@@@@@TTT..........TTTTTTTTT.........TTT.....................TT
@@@@@@@@@@@@@@@@TTT..........TTTTTTTTT.........TTT.....................TT
@@@@@@@@@@@@@@@@TTT...........................TTTT.....................TT
@@@@@@@@@@@@@@@@TTT...........................TTTT....................TTT
@@@@@@@@@@@@@@@@TTT............................TTT....................TTT
@@@@@@@@@@@@@@@@TTT......................TTTTTTTTTTTTT................TTT
@@@@@@@@@@@@@@@@TTTT...............TTTTTTTTTTTTTTTTTTT................TTT
@@@@@@@@@@@@@@@@TTTTTTTTTT...TTTTTTTTTTTTTTTTTTTTTTTTTTTTT.............TT
@@@@@@@@@@@@@@@@TTTTT........TTTTTTTTTTTTTTTTTTTTTT....................TT
@@@@@@@@@@@@@@...............TTTTTTTTTTTTTTTTTTTTTT.................TTTTT
@@@@@@@@@@@@@@@@TT.................TTT...TTTTTTTTTT.................TTTTT
@@@@...............................TTT.............TTTTTTT..........TTTTT
@@@@................................................TTTTTT..........TTTTT
@@@@........................................TT.......TTTTT......TT..TTTTT
@@@@..................................................TTTT......TT..TTTTT
@@@@@@@@..............................................TTTT.....TTT.....TT
TTTTTTTTTTT............................................TTT.....TT......TT
TTTTTTTT...............................................TTT............TTT
TTTTTTTTTT.............................................TTT............TTT
TTTTTT......................TT......TT................................TTT
TT......................TTTTTT......TTTTTT............................TTT
TT......................TTTTTT.......TTTTT..............TT............TTT
TT......................TTTTTTTTTTTTTTTTTT.............TTT......TTTTT.TTT
TT......................TTTTTTTTTTTTTTTTTT......TTTTTTTTTT.......TTTTTTTT
TT.............TTT......TTTT.....TTTTTTTTT.....TTTTTTTTTTTT.....TTTTTTTTT
TT.............TTT.......TT......TT...TT.......TT@@@@@@@@@@@@@@@@@@@@@@@@
TT.............TTT...............TT............TTTT@@@@@@@@@@@@@@@@@@@@@@
TT.............TTT..............................TTT@@@@@@@@@@@@@@@@@@@@@@
TT.............TTT.............................................@@@@@@@@@@
TT.............TTT............................................@@@@@@@@@@@
TTTTTT.........TTT.TT...........................................@@@@@@@@@
TTTTTTTTTTT..TTTTTTTTT..........................TTT@@@@@@@@@@@@@@@@@@@@@@
TTTTTTTTTTT..TTTTTTTTTTTTTTTTTTTTTTTTTTTTTTTTTTTTTT@@@@@@@@@@@@@@@@@@@@@@
