type octile
height 42
width 33
map
@@@@@@@@@@@@T......T@@@@@@@@@@@@@
@@@@@@@@@@@@T......T@@@@@@@@@@@@@
@@@@@@@@@@@TT......T@@@T@@@@@@@@@
@@@@@@@@@TT........TTTTTTT@@@@@@@
@@@@@@@@T...............TT@@@@@@@
@@@@@@TT...............TTT@@@@@@@
@@@@@TT.......TT.........TTT@@@@@
@@@@T.....................TTT@@@@
@@@@T.................TTTTTTTTTT@
@@@T.........................TTT@
@@T..........................TTT@
@T..........TT@@@@@@T.....TTTTT@@
T..........T@@@@@@@@@TT....TTTTT@
T.........T@@@@@@@@@@@@T......TT@
@T.......T@@@@@@@@@@@@@T....TTTTT
@T.......T@@@@@@@@@@@@@@T....TTTT
@T.......T@@@@@@@@@@@@@@T....TTTT
TT......TT@@@@@@@@@@@@@@@.......T
TT.....TTTT@@@@@@@@@@@@@T.......T
TT.......TT@@@@@@@@@@@@@T.......T
TT......TT@@@@@@@@@@@@@@T.......T
TT.......T@@@@@@@@@@@@@@T.......T
@TT.......T@@@@@@@@@@@@T.......TT
@TT.......T@@@@@@@@@@@@TT.....TTT
@TT.......TT@@@@@@@@@@TTT.....TT@
@T.........TT@@@@@@@TTT........T@
@T...........TTTTTTTTTT.......T@@
@@TT..........TT............TT@@@
@@T...........TTT.........TTTT@@@
@@@TTTT.............T.....TTT@@@@
@@@@@TT...................TT@@@@@
@@@@@@@T........TTTTT...TTTT@@@@@
@@@@@@@@TTTT....TTTTT...TT@@@@@@@
@@@@@@@@@TTT.....T.....T@@@@@@@@@
@@@@@@@@@@TT...........T@@@@@@@@@
@@@@@@@@@@@TTT.........T@@@@@@@@@
@@@@@@@@@@@@TT........T@@@@@@@@@@
@@@@@@@@@@@@TT.......TT@@@@@@@@@@
@@@@@@@@@@@@@@TT@@TTTTT@@@@@@@@@@
@@@@@@@@@@@@@@TTT@TTTTT@@@@@@@@@@
@@@@@@@@@@@@@@TTTTTTTTT@@@@@@@@@@
@@@@@@@@@@@@@@TTTTTTTTT@@@@@@@@@@
